Thu Jan  1 02:20:44 1970 kern.notice kernel: [    0.000000] Kernel command line: 
wt_board=WT2022 console=ttyS0,115200 rootfstype=squashfs,ubifs rootwait=1 LX_MEM=0x7f00000 
mma_heap=mma_heap_name0,miu=0,sz=0x1000000 mma_memblock_remove=1 highres=off 
mmap_reserved=fb,miu=0,sz=0x300000,max_start_off=0x7C00000,max_end_off=0x7F00000
mtdparts=nand0:384k@1280k(IPL0),384k(IPL1),384k(IPL_CUST0),384k(IPL_CUST1),768k(UBOOT0),768k(UBOOT1),
384k(ENV0),0x20000(KEY_CUST),0x60000(LOGO),0x60000(wtinfo),0x3000000(ubi),0x3000000(ubi2),-(opt)

 PID hash table entries: 512 (order: -1, 2048 bytes)
 Dentry cache hash table entries: 16384 (order: 4, 65536 bytes)
 Inode-cache hash table entries: 8192 (order: 3, 32768 bytes)
 Memory: 103128K/113664K available 
 (2309K kernel code, 215K rwdata, 1176K rodata, 156K init, 152K bss, 8488K reserved, 2048K cma-reserved)

 Virtual kernel memory layout:
     vector  : 0xffff0000 - 0xffff1000   (   4 kB)
     fixmap  : 0xffc00000 - 0xfff00000   (3072 kB)
     vmalloc : 0xc8000000 - 0xff800000   ( 888 MB)
     lowmem  : 0xc0000000 - 0xc7f00000   ( 127 MB)
     modules : 0xbf800000 - 0xc0000000   (   8 MB)
    .text : 0xc0008000 - 0xc0249648   (2310 kB)
    .init : 0xc0391000 - 0xc03b8000   ( 156 kB)
    .data : 0xc03b8000 - 0xc03edd98   ( 216 kB)
    .bss : 0xc03ef000 - 0xc04153fc   ( 153 kB)
