atags:0x20000000

Starting kernel ...

[    0.000000] Booting Linux on physical CPU 0x0
[    0.000000] Linux version 4.9.84 (gwind@gwind-P5820T) (gcc version 8.2.1 20180802 (GNU Toolchain 1
[    0.000000] CPU: ARMv7 Processor [410fc075] revision 5 (ARMv7), cr=50c5387d
[    0.000000] CPU: div instructions available: patching division code
[    0.000000] CPU: PIPT / VIPT nonaliasing data cache, VIPT aliasing instruction cache
[    0.000000] early_atags_to_fdt() success
[    0.000000] OF: fdt:Machine model: INFINITY2M SSC011A-S01A-S By Wind
[    0.000000] LXmem is 0x7f00000 PHYS_OFFSET is 0x20000000
[    0.000000] Add mem start 0x20000000 size 0x7f00000!!!!
[    0.000000] 
[    0.000000] LX_MEM  = 0x20000000, 0x7f00000
[    0.000000] LX_MEM2 = 0x0, 0x0
[    0.000000] LX_MEM3 = 0x0, 0x0
[    0.000000] EMAC_LEN= 0x0
[    0.000000] DRAM_LEN= 0x0
[    0.000000] deal_with_reserved_mmap memblock_reserve success mmap_reserved_config[0].reserved_sta=
[    0.000000] 0x27c00000
[    0.000000] 
[    0.000000] deal_with_reserve_mma_heap memblock_reserve success mma_config[0].reserved_start=
[    0.000000] 0x26c00000
[    0.000000] 
[    0.000000] cma: Reserved 2 MiB at 0x26a00000
[    0.000000] Memory policy: Data cache writealloc
[    0.000000] percpu: Embedded 13 pages/cpu @c68bf000 s21016 r8192 d24040 u53248
[    0.000000] Built 1 zonelists in Zone order, mobility grouping on.  Total pages: 28162
[    0.000000] Kernel command line: wt_board=WT2022 console=ttyS0,115200 rootfstype=squashfs,ubifs r)
[    0.000000] PID hash table entries: 512 (order: -1, 2048 bytes)
[    0.000000] Dentry cache hash table entries: 16384 (order: 4, 65536 bytes)
[    0.000000] Inode-cache hash table entries: 8192 (order: 3, 32768 bytes)
[    0.000000] Memory: 103128K/113664K available (2309K kernel code, 215K rwdata, 1176K rodata, 156K)
[    0.000000] Virtual kernel memory layout:
[    0.000000]     vector  : 0xffff0000 - 0xffff1000   (   4 kB)
[    0.000000]     fixmap  : 0xffc00000 - 0xfff00000   (3072 kB)
[    0.000000]     vmalloc : 0xc8000000 - 0xff800000   ( 888 MB)
[    0.000000]     lowmem  : 0xc0000000 - 0xc7f00000   ( 127 MB)
[    0.000000]     modules : 0xbf800000 - 0xc0000000   (   8 MB)
[    0.000000]       .text : 0xc0008000 - 0xc0249708   (2310 kB)
[    0.000000]       .init : 0xc0391000 - 0xc03b8000   ( 156 kB)
[    0.000000]       .data : 0xc03b8000 - 0xc03edd98   ( 216 kB)
[    0.000000]        .bss : 0xc03ef000 - 0xc04153fc   ( 153 kB)
[    0.000000] SLUB: HWalign=64, Order=0-3, MinObjects=0, CPUs=2, Nodes=1
[    0.000000] Preemptible hierarchical RCU implementation.
[    0.000000]  Build-time adjustment of leaf fanout to 32.
[    0.000000]  RCU restricting CPUs from NR_CPUS=4 to nr_cpu_ids=2.
[    0.000000] RCU: Adjusting geometry for rcu_fanout_leaf=32, nr_cpu_ids=2
[    0.000000] NR_IRQS:16 nr_irqs:16 16
[    0.000000] ms_init_main_intc: np->name=ms_main_intc, parent=gic
[    0.000000] ms_init_pm_intc: np->name=ms_pm_intc, parent=ms_main_intc
[    0.000000] ss_init_gpi_intc: np->name=ms_gpi_intc, parent=ms_main_intc
[    0.000000] Find CLK_cpupll_clk, hook ms_cpuclk_ops
[    0.000000] arm_arch_timer: Architected cp15 timer(s) running at 6.00MHz (virt).
[    0.000000] clocksource: arch_sys_counter: mask: 0xffffffffffffff max_cycles: 0x1623fa770, max_ids
[    0.000006] sched_clock: 56 bits at 6MHz, resolution 166ns, wraps every 4398046511055ns
[    0.000017] Switching to timer-based delay loop, resolution 166ns
[    0.000380] Console: colour dummy device 80x30
[    0.355277] console [ttyS0] enabled
[    0.358768] Calibrating delay loop (skipped), value calculated using timer frequency.. 12.00 Bogo)
[    0.369029] pid_max: default: 4096 minimum: 301
[    0.373630] Mount-cache hash table entries: 1024 (order: 0, 4096 bytes)
[    0.380182] Mountpoint-cache hash table entries: 1024 (order: 0, 4096 bytes)
[    0.387783] CPU: Testing write buffer coherency: ok
[    0.392702] CPU0: update cpu_capacity 1024
[    0.396638] CPU0: thread -1, cpu 0, socket 0, mpidr 80000000
[    0.402494] Setting up static identity map for 0x20008240 - 0x20008270
[    0.612637] CPU1: update cpu_capacity 1024
[    0.612643] CPU1: thread -1, cpu 1, socket 0, mpidr 80000001
[    0.612748] Brought up 2 CPUs
[    0.625314] SMP: Total of 2 processors activated (24.00 BogoMIPS).
[    0.631479] CPU: All CPU(s) started in SVC mode.
++++++
[    0.636672] devtmpfs: initialized at devtmpfs_init

[    0.655375] VFP support v0.3: implementor 41 architecture 2 part 30 variant 7 rev 5
[    0.663169] clocksource: jiffies: mask: 0xffffffff max_cycles: 0xffffffff, max_idle_ns: 191126044s
[    0.672898] futex hash table entries: 16 (order: -2, 1024 bytes)
[    0.679620] NET: Registered protocol family 16
[    0.684515] DMA: preallocated 256 KiB pool for atomic coherent allocations
[    0.693145] 
[    0.693145] 
[    0.693145] Version : MVX4##I2M#gada1129KL_LX409##[BR:main]#XVM
[    0.693145] 

++++++
[    0.708669] devtmpfs: create node [gpiochip0] dev-name [(null)]

[    0.714701] GPIO: probe end[    0.717646] [ss_gpi_intc_domain_alloc] hw:42 -> v:44
[    0.726099] [Padmux]reset Pad_47(reg 0x101e03; mask0x70) to GPIO(org: UART0_MODE_1)
[    0.734007] hw-breakpoint: found 5 (+1 reserved) breakpoint and 4 watchpoint registers.
[    0.741860] hw-breakpoint: maximum watchpoint size is 8 bytes.
[    0.757460] usbcore: registered new interface driver usbfs
[    0.762980] usbcore: registered new interface driver hub
[    0.768247] usbcore: registered new device driver usb
[    0.773361] Linux video capture interface: v2.00
++++++
[    0.778072] devtmpfs: create node [msys] dev-name [(null)]
[    0.787028] clocksource: Switched to clocksource arch_sys_counter

++sigmastar/kernel/4.9.84/drivers/char/mem.c  chr_dev_init --> tty_init
[    0.793343] devtmpfs: create node [mem] dev-name [(null)]

[    0.799199] devtmpfs: create node [null] dev-name [(null)]
[    0.804674] devtmpfs: create node [zero] dev-name [(null)]
[    0.810198] devtmpfs: create node [full] dev-name [(null)]
[    0.815666] devtmpfs: create node [random] dev-name [(null)]
[    0.821370] devtmpfs: create node [urandom] dev-name [(null)]
[    0.827130] devtmpfs: create node [kmsg] dev-name [(null)]

+++sigmastar/kernel/4.9.84/drivers/tty/tty_io.c line 3678 tty_init++++
[    0.832605] devtmpfs: create node [tty] dev-name [(null)]
[    0.838175] devtmpfs: create node [console] dev-name [(null)]
[    0.843910] devtmpfs: create node [tty0] dev-name [(null)]
[    0.849549] devtmpfs: create node [vcs] dev-name [(null)]
[    0.854930] devtmpfs: create node [vcsa] dev-name [(null)]
[    0.860455] devtmpfs: create node [vcs1] dev-name [(null)]
[    0.865919] devtmpfs: create node [vcsa1] dev-name [(null)]
[    0.871553] devtmpfs: create node [tty1] dev-name [(null)]
[    0.877078] devtmpfs: create node [tty2] dev-name [(null)]
[    0.882552] devtmpfs: create node [tty3] dev-name [(null)]
[    0.888093] devtmpfs: create node [tty4] dev-name [(null)]
[    0.893562] devtmpfs: create node [tty5] dev-name [(null)]
[    0.899092] devtmpfs: create node [tty6] dev-name [(null)]
[    0.904559] devtmpfs: create node [tty7] dev-name [(null)]
[    0.910106] devtmpfs: create node [tty8] dev-name [(null)]
[    0.915570] devtmpfs: create node [tty9] dev-name [(null)]
[    0.921088] devtmpfs: create node [tty10] dev-name [(null)]
[    0.926646] devtmpfs: create node [tty11] dev-name [(null)]
[    0.932263] devtmpfs: create node [tty12] dev-name [(null)]
[    0.937847] devtmpfs: create node [tty13] dev-name [(null)]
[    0.943410] devtmpfs: create node [tty14] dev-name [(null)]
[    0.949032] devtmpfs: create node [tty15] dev-name [(null)]
[    0.954598] devtmpfs: create node [tty16] dev-name [(null)]
[    0.960193] devtmpfs: create node [tty17] dev-name [(null)]
[    0.965747] devtmpfs: create node [tty18] dev-name [(null)]
[    0.971388] devtmpfs: create node [tty19] dev-name [(null)]
[    0.976944] devtmpfs: create node [tty20] dev-name [(null)]
[    0.982547] devtmpfs: create node [tty21] dev-name [(null)]
[    0.988161] devtmpfs: create node [tty22] dev-name [(null)]
[    0.993713] devtmpfs: create node [tty23] dev-name [(null)]
[    0.999314] devtmpfs: create node [tty24] dev-name [(null)]
[    1.004885] devtmpfs: create node [tty25] dev-name [(null)]
[    1.010502] devtmpfs: create node [tty26] dev-name [(null)]
[    1.016053] devtmpfs: create node [tty27] dev-name [(null)]
[    1.021663] devtmpfs: create node [tty28] dev-name [(null)]
[    1.027264] devtmpfs: create node [tty29] dev-name [(null)]
[    1.032816] devtmpfs: create node [tty30] dev-name [(null)]
[    1.038419] devtmpfs: create node [tty31] dev-name [(null)]
[    1.043971] devtmpfs: create node [tty32] dev-name [(null)]
[    1.049610] devtmpfs: create node [tty33] dev-name [(null)]
[    1.055166] devtmpfs: create node [tty34] dev-name [(null)]
[    1.060773] devtmpfs: create node [tty35] dev-name [(null)]
[    1.066350] devtmpfs: create node [tty36] dev-name [(null)]
[    1.071957] devtmpfs: create node [tty37] dev-name [(null)]
[    1.077549] devtmpfs: create node [tty38] dev-name [(null)]
[    1.083104] devtmpfs: create node [tty39] dev-name [(null)]
[    1.088740] devtmpfs: create node [tty40] dev-name [(null)]
[    1.094295] devtmpfs: create node [tty41] dev-name [(null)]
[    1.099910] devtmpfs: create node [tty42] dev-name [(null)]
[    1.105466] devtmpfs: create node [tty43] dev-name [(null)]
[    1.111099] devtmpfs: create node [tty44] dev-name [(null)]
[    1.116655] devtmpfs: create node [tty45] dev-name [(null)]
[    1.122259] devtmpfs: create node [tty46] dev-name [(null)]
[    1.127872] devtmpfs: create node [tty47] dev-name [(null)]
[    1.133425] devtmpfs: create node [tty48] dev-name [(null)]
[    1.139026] devtmpfs: create node [tty49] dev-name [(null)]
[    1.144590] devtmpfs: create node [tty50] dev-name [(null)]
[    1.150215] devtmpfs: create node [tty51] dev-name [(null)]
[    1.155770] devtmpfs: create node [tty52] dev-name [(null)]
[    1.161399] devtmpfs: create node [tty53] dev-name [(null)]
[    1.166968] devtmpfs: create node [tty54] dev-name [(null)]
[    1.172583] devtmpfs: create node [tty55] dev-name [(null)]
[    1.178171] devtmpfs: create node [tty56] dev-name [(null)]
[    1.183727] devtmpfs: create node [tty57] dev-name [(null)]
[    1.189354] devtmpfs: create node [tty58] dev-name [(null)]
[    1.194915] devtmpfs: create node [tty59] dev-name [(null)]
[    1.200514] devtmpfs: create node [tty60] dev-name [(null)]
[    1.206078] devtmpfs: create node [tty61] dev-name [(null)]
[    1.211699] devtmpfs: create node [tty62] dev-name [(null)]
[    1.217298] devtmpfs: create node [tty63] dev-name [(null)]

[    1.222908] NET: Registered protocol family 2
[    1.227705] TCP established hash table entries: 1024 (order: 0, 4096 bytes)
[    1.234527] TCP bind hash table entries: 1024 (order: 2, 20480 bytes)
[    1.241020] TCP: Hash tables configured (established 1024 bind 1024)
[    1.247363] UDP hash table entries: 128 (order: 0, 6144 bytes)
[    1.253147] UDP-Lite hash table entries: 128 (order: 0, 6144 bytes)
[    1.259598] NET: Registered protocol family 1
[    1.264114] hw perfevents: enabled with armv7_cortex_a7 PMU driver, 5 counters available
[    1.274127] workingset: timestamp_bits=30 max_order=15 bucket_order=0
[    1.289168] squashfs: version 4.0 (2009/01/31) Phillip Lougher
[    1.297868] io scheduler noop registered
[    1.301631] io scheduler deadline registered (default)
++++++
[    1.307589] devtmpfs: create node [ptmx] dev-name [(null)]

[    1.314123] ehci_hcd: USB 2.0 'Enhanced' Host Controller (EHCI) Driver
[    1.320542] ehci monitor start running
[    1.324239] Mstar_ehc_init version:20180309
[    1.328514] Sstar-ehci-2 H.W init
[    1.331736] Titania3_series_start_ehc start
[    1.335903] [USB] config miu select [70] [e8] [ef] [ef]
[    1.341153] [USB] enable miu lower bound address subtraction
[    1.346782] [USB] init squelch level 0x2
[    1.351724] [USB] no platform_data, device tree coming
[    1.356704] [USB][EHC] dma coherent_mask 0xffffffffffffffff mask 0xffffffffffffffff
[    1.364407] BC disable 
[    1.366799] [USB] soc:Sstar-ehci-2 irq --> 39
[    1.371167] Sstar-ehci-2 soc:Sstar-ehci-2: EHCI Host Controller
[    1.377120] Sstar-ehci-2 soc:Sstar-ehci-2: new USB bus registered, assigned bus number 1
[    1.385381] Sstar-ehci-2 soc:Sstar-ehci-2: irq 39, io mem 0xfd285000
[    1.417206] usb usb1: New USB device found, idVendor=1d6b, idProduct=0002
[    1.423843] usb usb1: New USB device strings: Mfr=3, Product=2, SerialNumber=1
[    1.431085] usb usb1: Product: EHCI Host Controller
[    1.435939] usb usb1: Manufacturer: Linux 4.9.84 ehci_hcd
[    1.441362] usb usb1: SerialNumber: mstar
[    1.445585] devtmpfs: create node [bus/usb/001/001] dev-name [(null)]
[    1.452358] hub 1-0:1.0: USB hub found
[    1.455978] hub 1-0:1.0: 1 port detected
[    1.460347] Sstar-ehci-1 H.W init
[    1.463508] Titania3_series_start_ehc start
[    1.467694] [USB] config miu select [70] [e8] [ef] [ef]
[    1.472897] [USB] enable miu lower bound address subtraction
[    1.478586] [USB] init squelch level 0x2
[    1.483478] [USB] no platform_data, device tree coming
[    1.488467] [USB][EHC] dma coherent_mask 0xffffffffffffffff mask 0xffffffffffffffff
[    1.496133] BC disable 
[    1.498577] [USB] soc:Sstar-ehci-1 irq --> 38
[    1.502907] Sstar-ehci-1 soc:Sstar-ehci-1: EHCI Host Controller
[    1.508856] Sstar-ehci-1 soc:Sstar-ehci-1: new USB bus registered, assigned bus number 2
[    1.517150] Sstar-ehci-1 soc:Sstar-ehci-1: irq 38, io mem 0xfd284800
[    1.547170] usb usb2: New USB device found, idVendor=1d6b, idProduct=0002
[    1.553805] usb usb2: New USB device strings: Mfr=3, Product=2, SerialNumber=1
[    1.561073] usb usb2: Product: EHCI Host Controller
[    1.565902] usb usb2: Manufacturer: Linux 4.9.84 ehci_hcd
[    1.571368] usb usb2: SerialNumber: mstar
[    1.575549] devtmpfs: create node [bus/usb/002/001] dev-name [(null)]
[    1.582272] hub 2-0:1.0: USB hub found
[    1.585890] hub 2-0:1.0: 1 port detected
[    1.590324] ohci_hcd: USB 1.1 'Open' Host Controller (OHCI) Driver
[    1.596362] ohci-platform: OHCI generic platform driver
[    1.601869] [ss_gpi_intc_domain_alloc] hw:58 -> v:56
[    1.606833] i2c /dev entries driver
[    1.610366] devtmpfs: create node [i2c-0] dev-name [(null)]
[    1.615967] devtmpfs: create node [i2c-1] dev-name [(null)]
[    1.621677] usbcore: registered new interface driver uvcvideo
[    1.627302] USB Video Class driver (1.1.1)
[    1.631507] 1f221000.uart0: ttyS0 at MMIO 0x0 (irq = 30, base_baud = 10800000) is a unknown
[    1.639922] devtmpfs: create node [ttyS0] dev-name [(null)]
[    1.645520] 1f221200.uart1: ttyS1 at MMIO 0x0 (irq = 31, base_baud = 10800000) is a unknown
[    1.653926] devtmpfs: create node [ttyS1] dev-name [(null)]
[    1.659637] 1f220400.uart2: ttyS2 at MMIO 0x0 (irq = 32, base_baud = 10800000) is a unknown
[    1.668029] devtmpfs: create node [ttyS2] dev-name [(null)]
[    1.673614] 1f221400.uart2: ttyS3 at MMIO 0x0 (irq = 33, base_baud = 10800000) is a unknown
[    1.681997] devtmpfs: create node [ttyS3] dev-name [(null)]
[    1.688101] [Core Voltage] check_voltage_valid: Not support 0mV, use 900mV
[    1.695079] devtmpfs: create node [rtc0] dev-name [(null)]
[    1.700587] ms_rtcpwc 1f006800.rtcpwc: rtc core: registered 1f006800.rtcpwc as rtc0
[    1.708341] devtmpfs: create node [ms_rtcwc] dev-name [(null)]
[    1.714630] devtmpfs: create node [watchdog] dev-name [(null)]
[    1.720548] devtmpfs: create node [watchdog0] dev-name [(null)]
[    1.727084] [ms_cpufreq_init] Current clk=1005326304
[    1.732819] mstar_spinand_probe: mstar_spinand enableClock
[    1.747051] MSYS: DMEM request: [BDMA]:0x00000840
[    1.751659] MSYS: DMEM request: [BDMA]:0x00000840 success, CPU phy:@0x26A48000, virt:@0xC6A48000
[    1.767390] MDrv_SPINAND_Init: Detected ID: MID =cd, DID =eb
[    1.772890] _dumpNandInformation:warning, Bytes / Page :  2048
[    1.778765] _dumpNandInformation:warning, Pages / Block:  64
[    1.783855] ERROR: Bus[1] in ms_i2c_xfer_write: Slave dev NAK, Addr: 0xba, Data: 0x80 0x47  
[    1.783866] Goodix-TS 1-005d: i2c test failed attempt 1: -110
[    1.798669] _dumpNandInformation:warning, Sector/ Page :  512
[    1.804397] _dumpNandInformation:warning, Spare / Page :  64
[    1.810069] _dumpNandInformation:warning, Current config r:4 w:4 drv:1
[    1.816806] mstar_spinand_probe: Magic memcmp pass
[    1.821450] mstar_spinand_probe: Get partition (Block 0 : page 1)
[    1.827760] mstar_spinand_probe: CIS contains part info
[    1.832825] mstar_spinand_probe: Before nand_scan()...
[    1.838023] 13 cmdlinepart partitions found on MTD device nand0
[    1.843877] mstar_spinand_probe: Mtd parts parse
[    1.848505] Creating 13 MTD partitions on "nand0":
[    1.853282] 0x000000140000-0x0000001a0000 : "IPL0"
++++++
[    1.858952] devtmpfs: create node [mtd0] dev-name [(null)]

[    1.861217] ERROR: Bus[1] in ms_i2c_xfer_write: Slave dev NAK, Addr: 0xba, Data: 0x80 0x47  
[    1.861226] Goodix-TS 1-005d: i2c test failed attempt 2: -110
[    1.861316] ==20180309==> hub_port_init 1 #0
[    1.861318] Plug in USB Port1
[    1.885908] devtmpfs: create node [mtd0ro] dev-name [(null)]
[    1.897072] Goodix-TS 1-005d: I2C communication failure: -110
[    1.902662] Goodix-TS 1-005d: touchscreen config failed!!!
[    1.907337] devtmpfs: create node [mtdblock0] dev-name [(null)]
[    1.908556] 0x0000001a0000-0x000000200000 : "IPL1"
[    1.909418] devtmpfs: create node [mtd1] dev-name [(null)]
[    1.909583] devtmpfs: create node [mtd1ro] dev-name [(null)]
[    1.927354] devtmpfs: create node [mtdblock1] dev-name [(null)]
[    1.928594] 0x000000200000-0x000000260000 : "IPL_CUST0"
[    1.929452] devtmpfs: create node [mtd2] dev-name [(null)]
[    1.929634] devtmpfs: create node [mtd2ro] dev-name [(null)]
[    1.947394] devtmpfs: create node [mtdblock2] dev-name [(null)]
[    1.948630] 0x000000260000-0x0000002c0000 : "IPL_CUST1"
[    1.949477] devtmpfs: create node [mtd3] dev-name [(null)]
[    1.949658] devtmpfs: create node [mtd3ro] dev-name [(null)]
[    1.967367] devtmpfs: create node [mtdblock3] dev-name [(null)]
[    1.968594] 0x0000002c0000-0x000000380000 : "UBOOT0"
[    1.970145] devtmpfs: create node [mtd4] dev-name [(null)]
[    1.970344] devtmpfs: create node [mtd4ro] dev-name [(null)]
[    1.987423] devtmpfs: create node [mtdblock4] dev-name [(null)]
[    1.988619] 0x000000380000-0x000000440000 : "UBOOT1"
[    1.990171] devtmpfs: create node [mtd5] dev-name [(null)]
[    1.990368] devtmpfs: create node [mtd5ro] dev-name [(null)]
[    2.007372] devtmpfs: create node [mtdblock5] dev-name [(null)]
[    2.008564] 0x000000440000-0x0000004a0000 : "ENV0"
[    2.009431] devtmpfs: create node [mtd6] dev-name [(null)]
[    2.009626] devtmpfs: create node [mtd6ro] dev-name [(null)]
[    2.027368] devtmpfs: create node [mtdblock6] dev-name [(null)]
[    2.028591] 0x0000004a0000-0x0000004c0000 : "KEY_CUST"
[    2.028979] devtmpfs: create node [mtd7] dev-name [(null)]
[    2.029139] devtmpfs: create node [mtd7ro] dev-name [(null)]
[    2.040690] usb 2-1: new high-speed USB device number 2 using Sstar-ehci-1
[    2.047358] devtmpfs: create node [mtdblock7] dev-name [(null)]
[    2.048579] 0x0000004c0000-0x000000520000 : "LOGO"
[    2.049422] devtmpfs: create node [mtd8] dev-name [(null)]
[    2.049596] devtmpfs: create node [mtd8ro] dev-name [(null)]
[    2.067364] devtmpfs: create node [mtdblock8] dev-name [(null)]
[    2.068359] 0x000000520000-0x000000580000 : "wtinfo"
[    2.069220] devtmpfs: create node [mtd9] dev-name [(null)]
[    2.069409] devtmpfs: create node [mtd9ro] dev-name [(null)]
[    2.087360] devtmpfs: create node [mtdblock9] dev-name [(null)]
[    2.096371] winfo: fac txt empty, use default.
[    2.096372] 0x000000580000-0x000003580000 : "ubi"
[    2.180946] devtmpfs: create node [mtd10] dev-name [(null)]
[    2.186543] devtmpfs: create node [mtd10ro] dev-name [(null)]
[    2.207404] devtmpfs: create node [mtdblock10] dev-name [(null)]
[    2.214423] 0x000003580000-0x000006580000 : "ubi2"
[    2.303446] devtmpfs: create node [mtd11] dev-name [(null)]
[    2.309072] devtmpfs: create node [mtd11ro] dev-name [(null)]
[    2.314989] usb 2-1: New USB device found, idVendor=1b20, idProduct=8888
[    2.321562] devtmpfs: create node [mtdblock11] dev-name [(null)]
[    2.322745] 0x000006580000-0x000010000000 : "opt"
[    2.332249] usb 2-1: New USB device strings: Mfr=16, Product=32, SerialNumber=0
[    2.339578] usb 2-1: Product: SigmaStarWIFI
[    2.343732] usb 2-1: Manufacturer: SigmaStar inc
[    2.348575] devtmpfs: create node [bus/usb/002/002] dev-name [(null)]
[    2.594047] devtmpfs: create node [mtd12] dev-name [(null)]
[    2.599608] devtmpfs: create node [mtd12ro] dev-name [(null)]
[    2.617316] devtmpfs: create node [mtdblock12] dev-name [(null)]
[    2.624757] NET: Registered protocol family 17
[    2.629560] ThumbEE CPU extension supported.
[    2.633677] Registering SWP/SWPB emulation handler
[    2.639112] devtmpfs: create node [ubi_ctrl] dev-name [(null)]
[    2.645132] UBI: auto-attach mtd10
[    2.648432] ubi0: attaching mtd10
[    2.912557] ubi0: scanning is finished
++++++
[    2.922077] devtmpfs: create node [ubi0] dev-name [(null)]
[    2.927621] devtmpfs: create node [ubi0_0] dev-name [(null)]
[    2.933277] devtmpfs: create node [ubi0_1] dev-name [(null)]
[    2.938978] devtmpfs: create node [ubi0_2] dev-name [(null)]

[    2.944657] ubi0: attached mtd10 (name "ubi", size 48 MiB)
[    2.950026] ubi0: PEB size: 131072 bytes (128 KiB), LEB size: 126976 bytes
[    2.956862] ubi0: min./max. I/O unit sizes: 2048/2048, sub-page size 2048
[    2.963688] ubi0: VID header offset: 2048 (aligned 2048), data offset: 4096
[    2.970639] ubi0: good PEBs: 384, bad PEBs: 0, corrupted PEBs: 0
[    2.976619] ubi0: user volume: 3, internal volumes: 1, max. volumes count: 128
[    2.983859] ubi0: max/mean erase counter: 3/1, WL threshold: 4096, image sequence number: 95337313
[    2.992919] ubi0: available PEBs: 0, total reserved PEBs: 384, PEBs reserved for bad PEB handling0
[    3.002140] ubi0: background thread "ubi_bgt0d" started, PID 503
[    3.017399] devtmpfs: create node [ubiblock0_1] dev-name [(null)]
[    3.023718] block ubiblock0_1: created from ubi0:1(rootfs)
[    3.029085] ubiblock: device ubiblock0_1 (rootfs) set to be root filesystem
[    3.072664] ms_rtcpwc 1f006800.rtcpwc: setting system clock to 1970-01-01 05:27:40 UTC (19660)
[    3.081370] OF: fdt:not creating '/sys/firmware/fdt': CRC check failed
[    3.088080] prepare_namespace root_delay=0, cmd_root_dev []
[    3.093498] VFS: under CONFIG_MTD_ROOTFS_ROOT_DEV to mount_ubi_rootfs
[    3.100731] VFS: to do_mount_root [squashfs] from cmdlines rootfstype
[    3.109525] VFS: Mounted root (squashfs filesystem) readonly on device 254:0.
++++++
[    3.119500] devtmpfs: mounted to [dev]

[    3.123111] This architecture does not have kernel memory protection.
[    3.918014] init: Console is alive
[    3.921412] init: - watchdog -
[    4.175048] kmodloader: loading kernel modules from /etc/modules-boot.d/*
[    4.223669] exfat: loading out-of-tree module taints kernel.
[    4.230449] exFAT: Version 1.2.9
[    4.237962] kmodloader: done loading kernel modules from /etc/modules-boot.d/*
[    4.257241] init: - preinit -
[    4.463399] mount_root: loading kmods from internal overlay
[    4.484524] kmodloader: loading kernel modules from //etc/modules-boot.d/*
[    4.491793] kmodloader: done loading kernel modules from //etc/modules-boot.d/*
[    4.657232] UBIFS (ubi0:2): background thread "ubifs_bgt0_2" started, PID 536
[    4.680963] random: procd: uninitialized urandom read (4 bytes read)
[    4.682169] UBIFS (ubi0:2): recovery needed
[    4.765245] UBIFS (ubi0:2): recovery completed
[    4.769623] UBIFS (ubi0:2): UBIFS: mounted UBI device 0, volume 2, name "rootfs_data"
[    4.777381] UBIFS (ubi0:2): LEB size: 126976 bytes (124 KiB), min./max. I/O unit sizes: 2048 bytes
[    4.787304] UBIFS (ubi0:2): FS size: 33902592 bytes (32 MiB, 267 LEBs), journal size 1650688 byte)
[    4.797776] UBIFS (ubi0:2): reserved for root: 1601302 bytes (1563 KiB)
[    4.804351] UBIFS (ubi0:2): media format: w4/r0 (latest is w4/r0), UUID 2C30E4E8-ACB7-4262-9DCC-9l
[    4.816581] block: attempting to load /tmp/ubifs_cfg/upper/etc/config/fstab
[    4.826995] block: extroot: not configured
[    4.877162] UBIFS (ubi0:2): un-mount UBI device 0
[    4.881722] UBIFS (ubi0:2): background thread "ubifs_bgt0_2" stops
[    4.891401] UBIFS (ubi0:2): background thread "ubifs_bgt0_2" started, PID 539
[    4.958532] UBIFS (ubi0:2): UBIFS: mounted UBI device 0, volume 2, name "rootfs_data"
[    4.966216] UBIFS (ubi0:2): LEB size: 126976 bytes (124 KiB), min./max. I/O unit sizes: 2048 bytes
[    4.976160] UBIFS (ubi0:2): FS size: 33902592 bytes (32 MiB, 267 LEBs), journal size 1650688 byte)
[    4.986599] UBIFS (ubi0:2): reserved for root: 1601302 bytes (1563 KiB)
[    4.993213] UBIFS (ubi0:2): media format: w4/r0 (latest is w4/r0), UUID 2C30E4E8-ACB7-4262-9DCC-9l
[    5.116089] block: attempting to load /tmp/ubifs_cfg/upper/etc/config/fstab
[    5.126156] block: extroot: not configured
[    5.178510] mount_root: switching to ubifs overlay
[    5.200009] urandom-seed: Seed file not found (/etc/urandom.seed)
[    5.256605] procd: - early -
[    5.259445] procd: - watchdog -
[    5.977251] procd: - watchdog -
[    5.980467] procd: - ubus -
[    6.031091] random: ubusd: uninitialized urandom read (4 bytes read)
[    6.153568] random: ubusd: uninitialized urandom read (4 bytes read)
[    6.187491] random: ubusd: uninitialized urandom read (4 bytes read)
[    6.194829] random: ubusd: uninitialized urandom read (4 bytes read)
[    6.201663] random: ubusd: uninitialized urandom read (4 bytes read)
[    6.208056] random: ubusd: uninitialized urandom read (4 bytes read)
[    6.214267] random: ubusd: uninitialized urandom read (4 bytes read)
[    6.220721] random: ubusd: uninitialized urandom read (4 bytes read)
[    6.227091] random: ubusd: uninitialized urandom read (4 bytes read)
[    6.233592] procd: - init -
Please press Enter to activate this console.
[    6.363218] kmodloader: loading kernel modules from /etc/modules.d/*
[    6.387628] devtmpfs: create node [zram0] dev-name [(null)]
[    6.393521] zram: Added device: zram0
[    6.422479] libphy: Fixed MDIO Bus: probed
[    6.431246] MSYS: DMEM request: [emac0_buff]:0x00000812
[    6.436547] MSYS: DMEM request: [emac0_buff]:0x00000812 success, CPU phy:@0x26A49000, virt:@0xC6A0
[    6.446262] devtmpfs: create node [emac0] dev-name [(null)]
[    6.452296] libphy: mdio: probed
[    6.455380] mdio_bus mdio-bus@emac0: /soc/emac0/mdio-bus@emac0/ethernet-phy@0 has invalid PHY adds
[    6.464789] mdio_bus mdio-bus@emac0: scan phy ethernet-phy at address 0
[    6.484173] mdio_bus mdio-bus@emac0: scan phy ethernet-phy at address 1
[    6.490841] mdio_bus mdio-bus@emac0: scan phy ethernet-phy at address 2
[    6.497395] mdio_bus mdio-bus@emac0: scan phy ethernet-phy at address 3
[    6.503948] mdio_bus mdio-bus@emac0: scan phy ethernet-phy at address 4
[    6.510664] mdio_bus mdio-bus@emac0: scan phy ethernet-phy at address 5
[    6.517236] mdio_bus mdio-bus@emac0: scan phy ethernet-phy at address 6
[    6.523789] mdio_bus mdio-bus@emac0: scan phy ethernet-phy at address 7
[    6.530487] mdio_bus mdio-bus@emac0: scan phy ethernet-phy at address 8
[    6.537007] mdio_bus mdio-bus@emac0: scan phy ethernet-phy at address 9
[    6.543710] mdio_bus mdio-bus@emac0: scan phy ethernet-phy at address 10
[    6.550382] mdio_bus mdio-bus@emac0: scan phy ethernet-phy at address 11
[    6.557111] mdio_bus mdio-bus@emac0: scan phy ethernet-phy at address 12
[    6.563743] mdio_bus mdio-bus@emac0: scan phy ethernet-phy at address 13
[    6.570483] mdio_bus mdio-bus@emac0: scan phy ethernet-phy at address 14
[    6.577211] mdio_bus mdio-bus@emac0: scan phy ethernet-phy at address 15
[    6.583843] mdio_bus mdio-bus@emac0: scan phy ethernet-phy at address 16
[    6.590585] mdio_bus mdio-bus@emac0: scan phy ethernet-phy at address 17
[    6.597303] mdio_bus mdio-bus@emac0: scan phy ethernet-phy at address 18
[    6.603953] mdio_bus mdio-bus@emac0: scan phy ethernet-phy at address 19
[    6.610763] mdio_bus mdio-bus@emac0: scan phy ethernet-phy at address 20
[    6.617423] mdio_bus mdio-bus@emac0: scan phy ethernet-phy at address 21
[    6.624058] mdio_bus mdio-bus@emac0: scan phy ethernet-phy at address 22
[    6.630789] mdio_bus mdio-bus@emac0: scan phy ethernet-phy at address 23
[    6.637517] mdio_bus mdio-bus@emac0: scan phy ethernet-phy at address 24
[    6.644164] mdio_bus mdio-bus@emac0: scan phy ethernet-phy at address 25
[    6.650915] mdio_bus mdio-bus@emac0: scan phy ethernet-phy at address 26
[    6.657619] mdio_bus mdio-bus@emac0: scan phy ethernet-phy at address 27
[    6.664270] mdio_bus mdio-bus@emac0: scan phy ethernet-phy at address 28
[    6.671012] mdio_bus mdio-bus@emac0: scan phy ethernet-phy at address 29
[    6.677749] mdio_bus mdio-bus@emac0: scan phy ethernet-phy at address 30
[    6.684372] mdio_bus mdio-bus@emac0: scan phy ethernet-phy at address 31
[    6.691271] [emac_phy_connect][3220] connected mac emac0 to PHY at mdio-bus@emac0:00 [uid=1111222]
[    6.703238] MSYS: DMEM request: [emac1_buff]:0x00060812
[    6.708961] MSYS: DMEM request: [emac1_buff]:0x00060812 success, CPU phy:@0x26A50000, virt:@0xC6A0
[    6.718696] devtmpfs: create node [emac1] dev-name [(null)]
[    6.724568] libphy: mdio: probed
[    6.727719] mdio_bus mdio-bus@emac1: /soc/emac1/mdio-bus@emac1/ethernet-phy@1 has invalid PHY adds
[    6.736878] mdio_bus mdio-bus@emac1: scan phy ethernet-phy at address 0
[    6.756534] mdio_bus mdio-bus@emac1: scan phy ethernet-phy at address 1
[    6.783784] mdio_bus mdio-bus@emac1: scan phy ethernet-phy at address 2
[    6.806839] mdio_bus mdio-bus@emac1: scan phy ethernet-phy at address 3
[    6.826457] mdio_bus mdio-bus@emac1: scan phy ethernet-phy at address 4
[    6.846994] mdio_bus mdio-bus@emac1: scan phy ethernet-phy at address 5
[    6.866223] mdio_bus mdio-bus@emac1: scan phy ethernet-phy at address 6
[    6.885568] mdio_bus mdio-bus@emac1: scan phy ethernet-phy at address 7
[    6.905704] mdio_bus mdio-bus@emac1: scan phy ethernet-phy at address 8
[    6.925025] mdio_bus mdio-bus@emac1: scan phy ethernet-phy at address 9
[    6.944390] mdio_bus mdio-bus@emac1: scan phy ethernet-phy at address 10
[    6.964680] mdio_bus mdio-bus@emac1: scan phy ethernet-phy at address 11
[    6.984234] mdio_bus mdio-bus@emac1: scan phy ethernet-phy at address 12
[    7.003520] mdio_bus mdio-bus@emac1: scan phy ethernet-phy at address 13
[    7.023669] mdio_bus mdio-bus@emac1: scan phy ethernet-phy at address 14
[    7.043232] mdio_bus mdio-bus@emac1: scan phy ethernet-phy at address 15
[    7.062589] mdio_bus mdio-bus@emac1: scan phy ethernet-phy at address 16
[    7.082770] mdio_bus mdio-bus@emac1: scan phy ethernet-phy at address 17
[    7.102157] mdio_bus mdio-bus@emac1: scan phy ethernet-phy at address 18
[    7.121470] mdio_bus mdio-bus@emac1: scan phy ethernet-phy at address 19
[    7.141641] mdio_bus mdio-bus@emac1: scan phy ethernet-phy at address 20
[    7.161602] mdio_bus mdio-bus@emac1: scan phy ethernet-phy at address 21
[    7.186773] mdio_bus mdio-bus@emac1: scan phy ethernet-phy at address 22
[    7.214413] mdio_bus mdio-bus@emac1: scan phy ethernet-phy at address 23
[    7.233712] mdio_bus mdio-bus@emac1: scan phy ethernet-phy at address 24
[    7.252992] mdio_bus mdio-bus@emac1: scan phy ethernet-phy at address 25
[    7.273280] mdio_bus mdio-bus@emac1: scan phy ethernet-phy at address 26
[    7.292663] mdio_bus mdio-bus@emac1: scan phy ethernet-phy at address 27
[    7.311955] mdio_bus mdio-bus@emac1: scan phy ethernet-phy at address 28
[    7.332285] mdio_bus mdio-bus@emac1: scan phy ethernet-phy at address 29
[    7.351656] mdio_bus mdio-bus@emac1: scan phy ethernet-phy at address 30
[    7.370953] mdio_bus mdio-bus@emac1: scan phy ethernet-phy at address 31
[    7.391419] [emac_phy_connect][3220] connected mac emac1 to PHY at mdio-bus@emac1:00 [uid=0000000]
[    7.404795] >> [sdmmc] ms_sdmmc_probe 
[    7.408967] [Padmux]reset Pad_51(reg 0x101e08; mask0x300) to GPIO(org: SDIO_MODE_1)
[    7.417914] >> [sdmmc_0] Probe Platform Devices
[    7.426432] nf_conntrack version 0.5.0 (2048 buckets, 8192 max)
[    7.457925] usbcore: registered new interface driver usbserial
[    7.464000] usbcore: registered new interface driver usbserial_generic
[    7.470648] usbserial: USB Serial support registered for generic
[    7.486520] xt_time: kernel timezone is -0000
[    7.492084] ip_tables: (C) 2000-2006 Netfilter Core Team
[    7.503915] PPP generic driver version 2.4.2
[    7.508473] devtmpfs: create node [ppp] dev-name [(null)]
[    7.519254] usbcore: registered new interface driver option
[    7.525020] usbserial: USB Serial support registered for GSM modem (1-port)
[    7.533355] kmodloader: done loading kernel modules from /etc/modules.d/*
[    7.707157] phy: eth0 linkup
[    8.271263] [ss_gpi_intc_domain_alloc] hw:40 -> v:57
[    8.276717] [ss_gpi_intc_domain_alloc] hw:41 -> v:58
[    8.288226] [ss_gpi_intc_domain_alloc] hw:39 -> v:59
[    8.427196] phy: eth1 linkdown
[    9.308067] [ss_gpi_intc_domain_alloc] hw:2 -> v:60
[    9.599059] zram0: detected capacity change from 0 to 53477376
[   10.507441] ubi1: attaching mtd12
[   11.528236] ubi1: scanning is finished
[   11.539747] devtmpfs: create node [ubi1] dev-name [(null)]
[   11.545797] devtmpfs: create node [ubi1_0] dev-name [(null)]
[   11.552259] ubi1: attached mtd12 (name "opt", size 154 MiB)
[   11.557783] ubi1: PEB size: 131072 bytes (128 KiB), LEB size: 126976 bytes
[   11.564564] ubi1: min./max. I/O unit sizes: 2048/2048, sub-page size 2048
[   11.571437] ubi1: VID header offset: 2048 (aligned 2048), data offset: 4096
[   11.578381] ubi1: good PEBs: 1236, bad PEBs: 0, corrupted PEBs: 0
[   11.584408] ubi1: user volume: 1, internal volumes: 1, max. volumes count: 128
[   11.592341] ubi1: max/mean erase counter: 3/1, WL threshold: 4096, image sequence number: 17749185
[   11.601407] ubi1: available PEBs: 0, total reserved PEBs: 1236, PEBs reserved for bad PEB handlin0
[   11.611325] ubi1: background thread "ubi_bgt1d" started, PID 1805
[   11.707158] UBIFS (ubi1:0): background thread "ubifs_bgt1_0" started, PID 1838
[   11.755069] br-lan: port 1(eth0) entered blocking state
[   11.768213] br-lan: port 1(eth0) entered disabled state
[   11.773646] device eth0 entered promiscuous mode
[   11.788023] br-lan: port 1(eth0) entered blocking state
[   11.793107] br-lan: port 1(eth0) entered forwarding state
[   11.806953] UBIFS (ubi1:0): UBIFS: mounted UBI device 1, volume 0, name "opt"
[   11.825322] UBIFS (ubi1:0): LEB size: 126976 bytes (124 KiB), min./max. I/O unit sizes: 2048 bytes
[   11.857124] UBIFS (ubi1:0): FS size: 149958656 bytes (143 MiB, 1181 LEBs), journal size 7491584 b)
[   11.877103] UBIFS (ubi1:0): reserved for root: 4952683 bytes (4836 KiB)
[   11.890551] UBIFS (ubi1:0): media format: w4/r0 (latest is w4/r0), UUID 7CEDE5C0-A5F9-4922-A0C4-5l



BusyBox v1.28.4 () built-in shell (ash)

  _______                     ________        __
 |       |.-----.-----.-----.|  |  |  |.----.|  |_
 |   -   ||  _  |  -__|     ||  |  |  ||   _||   _|
 |_______||   __|_____|__|__||________||__|  |____|
          |__| W I R E L E S S   F R E E D O M
 -----------------------------------------------------
 OpenWrt 18.06-SNAPSHOT, 1.0.0
 -----------------------------------------------------
root@wireless-tag:/# 
